BLEU = 46.97, 82.1/57.1/39.0/26.6 (BP=1.000, ratio=1.009, hyp_len=27087, ref_len=26843)
BLEU = 45.86, 80.4/55.3/38.2/26.1 (BP=1.000, ratio=1.007, hyp_len=29102, ref_len=28896)
BLEU = 47.16, 81.2/56.7/39.4/27.3 (BP=1.000, ratio=1.012, hyp_len=60097, ref_len=59373)
BLEU = 46.99, 79.8/56.2/39.3/27.7 (BP=1.000, ratio=1.012, hyp_len=35733, ref_len=35293)
BLEU = 37.15, 76.8/47.9/30.2/19.1 (BP=0.973, ratio=0.974, hyp_len=38782, ref_len=39827)

BLEU = 46.15, 81.7/56.2/38.2/25.8 (BP=1.000, ratio=1.002, hyp_len=26699, ref_len=26639)
BLEU = 44.35, 79.8/53.8/36.6/24.6 (BP=1.000, ratio=1.005, hyp_len=28567, ref_len=28430)
BLEU = 46.00, 81.1/55.7/38.1/26.0 (BP=1.000, ratio=1.002, hyp_len=59004, ref_len=58870)
BLEU = 45.38, 79.2/54.5/37.5/26.2 (BP=1.000, ratio=1.010, hyp_len=35363, ref_len=35023)
BLEU = 35.27, 75.7/45.9/28.5/17.8 (BP=0.967, ratio=0.968, hyp_len=38392, ref_len=39670)

BLEU = 46.97, 82.4/57.2/39.0/26.5 (BP=1.000, ratio=1.003, hyp_len=26678, ref_len=26605)
BLEU = 45.34, 80.5/54.9/37.7/25.4 (BP=1.000, ratio=1.002, hyp_len=28587, ref_len=28522)
BLEU = 47.17, 81.6/56.8/39.4/27.1 (BP=1.000, ratio=1.002, hyp_len=58957, ref_len=58843)
BLEU = 47.02, 80.3/56.2/39.2/27.6 (BP=1.000, ratio=1.001, hyp_len=35036, ref_len=35016)
BLEU = 36.89, 77.0/48.0/30.3/19.1 (BP=0.965, ratio=0.965, hyp_len=38062, ref_len=39437)


