nohup: ignoring input
save_dir=./examples/_transformer_base/bash/../checkpoints/cv
criterion=label_smoothed_cross_entropy_r3f
label_smoothing=0.1
dropout=0.3
lr=0.0001
lrscheduler=inverse_sqrt
warmup_updates=4000
max_epoch=100
r3f_lambda=1
extr='--noised-no-grad --cv --cv-lambda -0.01'
2020-12-20 11:28:42 | INFO | transformers.file_utils | PyTorch version 1.6.0 available.
2020-12-20 11:28:44 | INFO | transformers.file_utils | TensorFlow version 2.2.0 available.
2020-12-20 11:28:45 | INFO | transformers.file_utils | PyTorch version 1.6.0 available.
2020-12-20 11:28:45 | INFO | transformers.file_utils | PyTorch version 1.6.0 available.
2020-12-20 11:28:45 | INFO | transformers.file_utils | PyTorch version 1.6.0 available.
2020-12-20 11:28:45 | INFO | transformers.file_utils | PyTorch version 1.6.0 available.
2020-12-20 11:28:45 | INFO | transformers.file_utils | PyTorch version 1.6.0 available.
2020-12-20 11:28:47 | INFO | transformers.file_utils | TensorFlow version 2.2.0 available.
2020-12-20 11:28:47 | INFO | transformers.file_utils | TensorFlow version 2.2.0 available.
2020-12-20 11:28:47 | INFO | transformers.file_utils | TensorFlow version 2.2.0 available.
2020-12-20 11:28:47 | INFO | transformers.file_utils | TensorFlow version 2.2.0 available.
2020-12-20 11:28:47 | INFO | transformers.file_utils | TensorFlow version 2.2.0 available.
2020-12-20 11:28:47 | INFO | fairseq.distributed_utils | distributed init (rank 1): tcp://localhost:15531
2020-12-20 11:28:47 | INFO | fairseq.distributed_utils | distributed init (rank 2): tcp://localhost:15531
2020-12-20 11:28:47 | INFO | fairseq.distributed_utils | distributed init (rank 0): tcp://localhost:15531
2020-12-20 11:28:47 | INFO | fairseq.distributed_utils | distributed init (rank 3): tcp://localhost:15531
2020-12-20 11:28:47 | INFO | fairseq.distributed_utils | distributed init (rank 4): tcp://localhost:15531
2020-12-20 11:28:47 | INFO | fairseq.distributed_utils | initialized host inspur129 as rank 4
2020-12-20 11:28:47 | INFO | fairseq.distributed_utils | initialized host inspur129 as rank 3
2020-12-20 11:28:48 | INFO | fairseq.distributed_utils | initialized host inspur129 as rank 2
2020-12-20 11:28:48 | INFO | fairseq.distributed_utils | initialized host inspur129 as rank 1
2020-12-20 11:28:48 | INFO | fairseq.distributed_utils | initialized host inspur129 as rank 0
2020-12-20 11:28:52 | INFO | fairseq_cli.train | Namespace(activation_dropout=0.0, activation_fn='relu', adam_betas='(0.9, 0.98)', adam_eps=1e-08, adaptive_input=False, adaptive_softmax_cutoff=None, adaptive_softmax_dropout=0, all_gather_list_size=16384, arch='transformer', attention_dropout=0.0, best_checkpoint_metric='bleu', bf16=False, bpe=None, broadcast_buffers=False, bucket_cap_mb=25, checkpoint_activations=False, checkpoint_suffix='', clip_norm=0.0, cpu=False, criterion='label_smoothed_cross_entropy_r3f', cross_self_attention=False, curriculum=0, cv=True, cv_lambda=-0.01, data='./examples/_transformer_base/bash/../data-bin', data_buffer_size=10, dataset_impl=None, ddp_backend='c10d', decoder_attention_heads=8, decoder_embed_dim=512, decoder_embed_path=None, decoder_ffn_embed_dim=2048, decoder_input_dim=512, decoder_layerdrop=0, decoder_layers=6, decoder_layers_to_keep=None, decoder_learned_pos=False, decoder_normalize_before=False, decoder_output_dim=512, device_id=0, disable_validation=False, distributed_backend='nccl', distributed_init_method='tcp://localhost:15531', distributed_no_spawn=False, distributed_num_procs=5, distributed_port=-1, distributed_rank=0, distributed_world_size=5, distributed_wrapper='DDP', dropout=0.3, empty_cache_freq=0, encoder_attention_heads=8, encoder_embed_dim=512, encoder_embed_path=None, encoder_ffn_embed_dim=2048, encoder_layerdrop=0, encoder_layers=6, encoder_layers_to_keep=None, encoder_learned_pos=False, encoder_normalize_before=False, eps=1e-06, eval_bleu=True, eval_bleu_args='{"beam": 5, "max_len_a": 1.2, "max_len_b": 10}', eval_bleu_detok='space', eval_bleu_detok_args=None, eval_bleu_print_samples=False, eval_bleu_remove_bpe='@@ ', eval_tokenized_bleu=False, fast_stat_sync=False, find_unused_parameters=False, finetune_from_model='./examples/_transformer_base/bash/../checkpoints/baseline/checkpoint_last.pt', fix_batches_to_gpus=False, fixed_validation_seed=None, fp16=False, fp16_init_scale=128, fp16_no_flatten_grads=False, fp16_scale_tolerance=0.0, fp16_scale_window=None, keep_best_checkpoints=-1, keep_interval_updates=-1, keep_last_epochs=-1, label_smoothing=0.1, layernorm_embedding=False, left_pad_source='True', left_pad_target='False', load_alignments=False, localsgd_frequency=3, log_format=None, log_interval=100, lr=[0.0001], lr_scheduler='inverse_sqrt', max_epoch=100, max_sentences=None, max_sentences_valid=None, max_source_positions=1024, max_target_positions=1024, max_tokens=3200, max_tokens_valid=3200, max_update=0, maximize_best_checkpoint_metric=True, memory_efficient_bf16=False, memory_efficient_fp16=False, min_loss_scale=0.0001, min_lr=1e-09, model_parallel_size=1, no_cross_attention=False, no_epoch_checkpoints=True, no_last_checkpoints=False, no_progress_bar=False, no_save=False, no_save_optimizer_state=False, no_scale_embedding=False, no_seed_provided=True, no_token_positional_embeddings=False, noise_type='normal', noised_eval_model=False, noised_no_grad=True, nprocs_per_node=5, num_batch_buckets=0, num_workers=1, optimizer='adam', optimizer_overrides='{}', patience=-1, pipeline_balance=None, pipeline_checkpoint='never', pipeline_chunks=None, pipeline_devices=None, pipeline_model_parallel=False, profile=False, quant_noise_pq=0, quant_noise_pq_block_size=8, quant_noise_scalar=0, quantization_config_path=None, r3f_lambda=1.0, required_batch_size_multiple=8, required_seq_len_multiple=1, reset_dataloader=False, reset_lr_scheduler=False, reset_meters=False, reset_optimizer=False, restore_file='checkpoint_last.pt', save_dir='./examples/_transformer_base/bash/../checkpoints/cv', save_interval=1, save_interval_updates=0, scoring='bleu', seed=1, self_training_drc=False, sentence_avg=False, share_all_embeddings=False, share_decoder_input_output_embed=False, skip_invalid_size_inputs_valid_test=False, slowmo_algorithm='LocalSGD', slowmo_momentum=None, source_lang='ch', stop_time_hours=0, target_lang='en', task='translation', tensorboard_logdir='', threshold_loss_scale=None, tie_adaptive_weights=False, tokenizer=None, tpu=False, train_subset='train', truncate_source=False, update_freq=[1], upsample_primary=1, use_bmuf=False, use_old_adam=False, user_dir=None, valid_subset='valid', validate_after_updates=0, validate_interval=1, validate_interval_updates=0, warmup_init_lr=1e-07, warmup_updates=4000, weight_decay=0.0, zero_sharding='none')
2020-12-20 11:28:52 | INFO | fairseq.tasks.translation | [ch] dictionary: 41952 types
2020-12-20 11:28:52 | INFO | fairseq.tasks.translation | [en] dictionary: 31264 types
2020-12-20 11:28:52 | INFO | fairseq.data.data_utils | loaded 1664 examples from: ./examples/_transformer_base/bash/../data-bin/valid.ch-en.ch
2020-12-20 11:28:52 | INFO | fairseq.data.data_utils | loaded 1664 examples from: ./examples/_transformer_base/bash/../data-bin/valid.ch-en.en
2020-12-20 11:28:52 | INFO | fairseq.tasks.translation | ./examples/_transformer_base/bash/../data-bin valid ch-en 1664 examples
2020-12-20 11:28:54 | INFO | fairseq_cli.train | TransformerModel(
  (encoder): TransformerEncoder(
    (dropout_module): FairseqDropout()
    (embed_tokens): Embedding(41952, 512, padding_idx=1)
    (embed_positions): SinusoidalPositionalEmbedding()
    (layers): ModuleList(
      (0): TransformerEncoderLayer(
        (self_attn): MultiheadAttention(
          (dropout_module): FairseqDropout()
          (k_proj): Linear(in_features=512, out_features=512, bias=True)
          (v_proj): Linear(in_features=512, out_features=512, bias=True)
          (q_proj): Linear(in_features=512, out_features=512, bias=True)
          (out_proj): Linear(in_features=512, out_features=512, bias=True)
        )
        (self_attn_layer_norm): FusedLayerNorm(torch.Size([512]), eps=1e-05, elementwise_affine=True)
        (dropout_module): FairseqDropout()
        (activation_dropout_module): FairseqDropout()
        (fc1): Linear(in_features=512, out_features=2048, bias=True)
        (fc2): Linear(in_features=2048, out_features=512, bias=True)
        (final_layer_norm): FusedLayerNorm(torch.Size([512]), eps=1e-05, elementwise_affine=True)
      )
      (1): TransformerEncoderLayer(
        (self_attn): MultiheadAttention(
          (dropout_module): FairseqDropout()
          (k_proj): Linear(in_features=512, out_features=512, bias=True)
          (v_proj): Linear(in_features=512, out_features=512, bias=True)
          (q_proj): Linear(in_features=512, out_features=512, bias=True)
          (out_proj): Linear(in_features=512, out_features=512, bias=True)
        )
        (self_attn_layer_norm): FusedLayerNorm(torch.Size([512]), eps=1e-05, elementwise_affine=True)
        (dropout_module): FairseqDropout()
        (activation_dropout_module): FairseqDropout()
        (fc1): Linear(in_features=512, out_features=2048, bias=True)
        (fc2): Linear(in_features=2048, out_features=512, bias=True)
        (final_layer_norm): FusedLayerNorm(torch.Size([512]), eps=1e-05, elementwise_affine=True)
      )
      (2): TransformerEncoderLayer(
        (self_attn): MultiheadAttention(
          (dropout_module): FairseqDropout()
          (k_proj): Linear(in_features=512, out_features=512, bias=True)
          (v_proj): Linear(in_features=512, out_features=512, bias=True)
          (q_proj): Linear(in_features=512, out_features=512, bias=True)
          (out_proj): Linear(in_features=512, out_features=512, bias=True)
        )
        (self_attn_layer_norm): FusedLayerNorm(torch.Size([512]), eps=1e-05, elementwise_affine=True)
        (dropout_module): FairseqDropout()
        (activation_dropout_module): FairseqDropout()
        (fc1): Linear(in_features=512, out_features=2048, bias=True)
        (fc2): Linear(in_features=2048, out_features=512, bias=True)
        (final_layer_norm): FusedLayerNorm(torch.Size([512]), eps=1e-05, elementwise_affine=True)
      )
      (3): TransformerEncoderLayer(
        (self_attn): MultiheadAttention(
          (dropout_module): FairseqDropout()
          (k_proj): Linear(in_features=512, out_features=512, bias=True)
          (v_proj): Linear(in_features=512, out_features=512, bias=True)
          (q_proj): Linear(in_features=512, out_features=512, bias=True)
          (out_proj): Linear(in_features=512, out_features=512, bias=True)
        )
        (self_attn_layer_norm): FusedLayerNorm(torch.Size([512]), eps=1e-05, elementwise_affine=True)
        (dropout_module): FairseqDropout()
        (activation_dropout_module): FairseqDropout()
        (fc1): Linear(in_features=512, out_features=2048, bias=True)
        (fc2): Linear(in_features=2048, out_features=512, bias=True)
        (final_layer_norm): FusedLayerNorm(torch.Size([512]), eps=1e-05, elementwise_affine=True)
      )
      (4): TransformerEncoderLayer(
        (self_attn): MultiheadAttention(
          (dropout_module): FairseqDropout()
          (k_proj): Linear(in_features=512, out_features=512, bias=True)
          (v_proj): Linear(in_features=512, out_features=512, bias=True)
          (q_proj): Linear(in_features=512, out_features=512, bias=True)
          (out_proj): Linear(in_features=512, out_features=512, bias=True)
        )
        (self_attn_layer_norm): FusedLayerNorm(torch.Size([512]), eps=1e-05, elementwise_affine=True)
        (dropout_module): FairseqDropout()
        (activation_dropout_module): FairseqDropout()
        (fc1): Linear(in_features=512, out_features=2048, bias=True)
        (fc2): Linear(in_features=2048, out_features=512, bias=True)
        (final_layer_norm): FusedLayerNorm(torch.Size([512]), eps=1e-05, elementwise_affine=True)
      )
      (5): TransformerEncoderLayer(
        (self_attn): MultiheadAttention(
          (dropout_module): FairseqDropout()
          (k_proj): Linear(in_features=512, out_features=512, bias=True)
          (v_proj): Linear(in_features=512, out_features=512, bias=True)
          (q_proj): Linear(in_features=512, out_features=512, bias=True)
          (out_proj): Linear(in_features=512, out_features=512, bias=True)
        )
        (self_attn_layer_norm): FusedLayerNorm(torch.Size([512]), eps=1e-05, elementwise_affine=True)
        (dropout_module): FairseqDropout()
        (activation_dropout_module): FairseqDropout()
        (fc1): Linear(in_features=512, out_features=2048, bias=True)
        (fc2): Linear(in_features=2048, out_features=512, bias=True)
        (final_layer_norm): FusedLayerNorm(torch.Size([512]), eps=1e-05, elementwise_affine=True)
      )
    )
  )
  (decoder): TransformerDecoder(
    (dropout_module): FairseqDropout()
    (embed_tokens): Embedding(31264, 512, padding_idx=1)
    (embed_positions): SinusoidalPositionalEmbedding()
    (layers): ModuleList(
      (0): TransformerDecoderLayer(
        (dropout_module): FairseqDropout()
        (self_attn): MultiheadAttention(
          (dropout_module): FairseqDropout()
          (k_proj): Linear(in_features=512, out_features=512, bias=True)
          (v_proj): Linear(in_features=512, out_features=512, bias=True)
          (q_proj): Linear(in_features=512, out_features=512, bias=True)
          (out_proj): Linear(in_features=512, out_features=512, bias=True)
        )
        (activation_dropout_module): FairseqDropout()
        (self_attn_layer_norm): FusedLayerNorm(torch.Size([512]), eps=1e-05, elementwise_affine=True)
        (encoder_attn): MultiheadAttention(
          (dropout_module): FairseqDropout()
          (k_proj): Linear(in_features=512, out_features=512, bias=True)
          (v_proj): Linear(in_features=512, out_features=512, bias=True)
          (q_proj): Linear(in_features=512, out_features=512, bias=True)
          (out_proj): Linear(in_features=512, out_features=512, bias=True)
        )
        (encoder_attn_layer_norm): FusedLayerNorm(torch.Size([512]), eps=1e-05, elementwise_affine=True)
        (fc1): Linear(in_features=512, out_features=2048, bias=True)
        (fc2): Linear(in_features=2048, out_features=512, bias=True)
        (final_layer_norm): FusedLayerNorm(torch.Size([512]), eps=1e-05, elementwise_affine=True)
      )
      (1): TransformerDecoderLayer(
        (dropout_module): FairseqDropout()
        (self_attn): MultiheadAttention(
          (dropout_module): FairseqDropout()
          (k_proj): Linear(in_features=512, out_features=512, bias=True)
          (v_proj): Linear(in_features=512, out_features=512, bias=True)
          (q_proj): Linear(in_features=512, out_features=512, bias=True)
          (out_proj): Linear(in_features=512, out_features=512, bias=True)
        )
        (activation_dropout_module): FairseqDropout()
        (self_attn_layer_norm): FusedLayerNorm(torch.Size([512]), eps=1e-05, elementwise_affine=True)
        (encoder_attn): MultiheadAttention(
          (dropout_module): FairseqDropout()
          (k_proj): Linear(in_features=512, out_features=512, bias=True)
          (v_proj): Linear(in_features=512, out_features=512, bias=True)
          (q_proj): Linear(in_features=512, out_features=512, bias=True)
          (out_proj): Linear(in_features=512, out_features=512, bias=True)
        )
        (encoder_attn_layer_norm): FusedLayerNorm(torch.Size([512]), eps=1e-05, elementwise_affine=True)
        (fc1): Linear(in_features=512, out_features=2048, bias=True)
        (fc2): Linear(in_features=2048, out_features=512, bias=True)
        (final_layer_norm): FusedLayerNorm(torch.Size([512]), eps=1e-05, elementwise_affine=True)
      )
      (2): TransformerDecoderLayer(
        (dropout_module): FairseqDropout()
        (self_attn): MultiheadAttention(
          (dropout_module): FairseqDropout()
          (k_proj): Linear(in_features=512, out_features=512, bias=True)
          (v_proj): Linear(in_features=512, out_features=512, bias=True)
          (q_proj): Linear(in_features=512, out_features=512, bias=True)
          (out_proj): Linear(in_features=512, out_features=512, bias=True)
        )
        (activation_dropout_module): FairseqDropout()
        (self_attn_layer_norm): FusedLayerNorm(torch.Size([512]), eps=1e-05, elementwise_affine=True)
        (encoder_attn): MultiheadAttention(
          (dropout_module): FairseqDropout()
          (k_proj): Linear(in_features=512, out_features=512, bias=True)
          (v_proj): Linear(in_features=512, out_features=512, bias=True)
          (q_proj): Linear(in_features=512, out_features=512, bias=True)
          (out_proj): Linear(in_features=512, out_features=512, bias=True)
        )
        (encoder_attn_layer_norm): FusedLayerNorm(torch.Size([512]), eps=1e-05, elementwise_affine=True)
        (fc1): Linear(in_features=512, out_features=2048, bias=True)
        (fc2): Linear(in_features=2048, out_features=512, bias=True)
        (final_layer_norm): FusedLayerNorm(torch.Size([512]), eps=1e-05, elementwise_affine=True)
      )
      (3): TransformerDecoderLayer(
        (dropout_module): FairseqDropout()
        (self_attn): MultiheadAttention(
          (dropout_module): FairseqDropout()
          (k_proj): Linear(in_features=512, out_features=512, bias=True)
          (v_proj): Linear(in_features=512, out_features=512, bias=True)
          (q_proj): Linear(in_features=512, out_features=512, bias=True)
          (out_proj): Linear(in_features=512, out_features=512, bias=True)
        )
        (activation_dropout_module): FairseqDropout()
        (self_attn_layer_norm): FusedLayerNorm(torch.Size([512]), eps=1e-05, elementwise_affine=True)
        (encoder_attn): MultiheadAttention(
          (dropout_module): FairseqDropout()
          (k_proj): Linear(in_features=512, out_features=512, bias=True)
          (v_proj): Linear(in_features=512, out_features=512, bias=True)
          (q_proj): Linear(in_features=512, out_features=512, bias=True)
          (out_proj): Linear(in_features=512, out_features=512, bias=True)
        )
        (encoder_attn_layer_norm): FusedLayerNorm(torch.Size([512]), eps=1e-05, elementwise_affine=True)
        (fc1): Linear(in_features=512, out_features=2048, bias=True)
        (fc2): Linear(in_features=2048, out_features=512, bias=True)
        (final_layer_norm): FusedLayerNorm(torch.Size([512]), eps=1e-05, elementwise_affine=True)
      )
      (4): TransformerDecoderLayer(
        (dropout_module): FairseqDropout()
        (self_attn): MultiheadAttention(
          (dropout_module): FairseqDropout()
          (k_proj): Linear(in_features=512, out_features=512, bias=True)
          (v_proj): Linear(in_features=512, out_features=512, bias=True)
          (q_proj): Linear(in_features=512, out_features=512, bias=True)
          (out_proj): Linear(in_features=512, out_features=512, bias=True)
        )
        (activation_dropout_module): FairseqDropout()
        (self_attn_layer_norm): FusedLayerNorm(torch.Size([512]), eps=1e-05, elementwise_affine=True)
        (encoder_attn): MultiheadAttention(
          (dropout_module): FairseqDropout()
          (k_proj): Linear(in_features=512, out_features=512, bias=True)
          (v_proj): Linear(in_features=512, out_features=512, bias=True)
          (q_proj): Linear(in_features=512, out_features=512, bias=True)
          (out_proj): Linear(in_features=512, out_features=512, bias=True)
        )
        (encoder_attn_layer_norm): FusedLayerNorm(torch.Size([512]), eps=1e-05, elementwise_affine=True)
        (fc1): Linear(in_features=512, out_features=2048, bias=True)
        (fc2): Linear(in_features=2048, out_features=512, bias=True)
        (final_layer_norm): FusedLayerNorm(torch.Size([512]), eps=1e-05, elementwise_affine=True)
      )
      (5): TransformerDecoderLayer(
        (dropout_module): FairseqDropout()
        (self_attn): MultiheadAttention(
          (dropout_module): FairseqDropout()
          (k_proj): Linear(in_features=512, out_features=512, bias=True)
          (v_proj): Linear(in_features=512, out_features=512, bias=True)
          (q_proj): Linear(in_features=512, out_features=512, bias=True)
          (out_proj): Linear(in_features=512, out_features=512, bias=True)
        )
        (activation_dropout_module): FairseqDropout()
        (self_attn_layer_norm): FusedLayerNorm(torch.Size([512]), eps=1e-05, elementwise_affine=True)
        (encoder_attn): MultiheadAttention(
          (dropout_module): FairseqDropout()
          (k_proj): Linear(in_features=512, out_features=512, bias=True)
          (v_proj): Linear(in_features=512, out_features=512, bias=True)
          (q_proj): Linear(in_features=512, out_features=512, bias=True)
          (out_proj): Linear(in_features=512, out_features=512, bias=True)
        )
        (encoder_attn_layer_norm): FusedLayerNorm(torch.Size([512]), eps=1e-05, elementwise_affine=True)
        (fc1): Linear(in_features=512, out_features=2048, bias=True)
        (fc2): Linear(in_features=2048, out_features=512, bias=True)
        (final_layer_norm): FusedLayerNorm(torch.Size([512]), eps=1e-05, elementwise_affine=True)
      )
    )
    (output_projection): Linear(in_features=512, out_features=31264, bias=False)
  )
)
2020-12-20 11:28:54 | INFO | fairseq_cli.train | task: translation (TranslationTask)
2020-12-20 11:28:54 | INFO | fairseq_cli.train | model: transformer (TransformerModel)
2020-12-20 11:28:54 | INFO | fairseq_cli.train | criterion: label_smoothed_cross_entropy_r3f (LabelSmoothedCrossEntropyR3FCriterion)
2020-12-20 11:28:54 | INFO | fairseq_cli.train | num. model params: 97632256 (num. trained: 97632256)
2020-12-20 11:28:54 | INFO | fairseq.utils | ***********************CUDA enviroments for all 5 workers***********************
2020-12-20 11:28:54 | INFO | fairseq.utils | rank   0: capabilities =  6.1  ; total memory = 10.917 GB ; name = GeForce GTX 1080 Ti                     
2020-12-20 11:28:54 | INFO | fairseq.utils | rank   1: capabilities =  6.1  ; total memory = 10.917 GB ; name = GeForce GTX 1080 Ti                     
2020-12-20 11:28:54 | INFO | fairseq.utils | rank   2: capabilities =  6.1  ; total memory = 10.917 GB ; name = GeForce GTX 1080 Ti                     
2020-12-20 11:28:54 | INFO | fairseq.utils | rank   3: capabilities =  6.1  ; total memory = 10.917 GB ; name = GeForce GTX 1080 Ti                     
2020-12-20 11:28:54 | INFO | fairseq.utils | rank   4: capabilities =  6.1  ; total memory = 10.917 GB ; name = GeForce GTX 1080 Ti                     
2020-12-20 11:28:54 | INFO | fairseq.utils | ***********************CUDA enviroments for all 5 workers***********************
2020-12-20 11:28:54 | INFO | fairseq_cli.train | training on 5 devices (GPUs/TPUs)
2020-12-20 11:28:54 | INFO | fairseq_cli.train | max tokens per GPU = 3200 and max sentences per GPU = None
2020-12-20 11:28:55 | INFO | fairseq.optim.adam | using FusedAdam
2020-12-20 11:28:56 | INFO | fairseq.trainer | loaded checkpoint ./examples/_transformer_base/bash/../checkpoints/cv/checkpoint_last.pt (epoch 45 @ 107712 updates)
2020-12-20 11:28:56 | INFO | fairseq.trainer | loading train data for epoch 45
2020-12-20 11:28:56 | INFO | fairseq.data.data_utils | loaded 1252977 examples from: ./examples/_transformer_base/bash/../data-bin/train.ch-en.ch
2020-12-20 11:28:56 | INFO | fairseq.data.data_utils | loaded 1252977 examples from: ./examples/_transformer_base/bash/../data-bin/train.ch-en.en
2020-12-20 11:28:56 | INFO | fairseq.tasks.translation | ./examples/_transformer_base/bash/../data-bin train ch-en 1252977 examples
2020-12-20 11:29:01 | INFO | fairseq.trainer | begin training epoch 45
2020-12-20 11:29:04 | INFO | transformers.file_utils | PyTorch version 1.6.0 available.
2020-12-20 11:29:04 | INFO | transformers.file_utils | PyTorch version 1.6.0 available.
2020-12-20 11:29:04 | INFO | transformers.file_utils | PyTorch version 1.6.0 available.
2020-12-20 11:29:04 | INFO | transformers.file_utils | PyTorch version 1.6.0 available.
2020-12-20 11:29:05 | INFO | transformers.file_utils | PyTorch version 1.6.0 available.
2020-12-20 11:29:06 | INFO | transformers.file_utils | TensorFlow version 2.2.0 available.
2020-12-20 11:29:06 | INFO | transformers.file_utils | TensorFlow version 2.2.0 available.
2020-12-20 11:29:06 | INFO | transformers.file_utils | TensorFlow version 2.2.0 available.
2020-12-20 11:29:06 | INFO | transformers.file_utils | TensorFlow version 2.2.0 available.
2020-12-20 11:29:07 | INFO | transformers.file_utils | TensorFlow version 2.2.0 available.
2020-12-20 11:29:56 | INFO | train_inner | epoch 045:     88 / 2448 symm_kl=0.573, self_kl=0, self_cv=11.53, loss=4.124, nll_loss=1.757, ppl=3.38, wps=18380.5, ups=1.25, wpb=14730.9, bsz=514.2, num_updates=107800, lr=1.92629e-05, gnorm=1.37, train_wall=55, wall=0
2020-12-20 11:30:49 | INFO | train_inner | epoch 045:    188 / 2448 symm_kl=0.57, self_kl=0, self_cv=13.315, loss=3.983, nll_loss=1.677, ppl=3.2, wps=28072.1, ups=1.89, wpb=14861.1, bsz=530.4, num_updates=107900, lr=1.92539e-05, gnorm=1.266, train_wall=53, wall=0
2020-12-20 11:31:42 | INFO | train_inner | epoch 045:    288 / 2448 symm_kl=0.555, self_kl=0, self_cv=13.731, loss=3.935, nll_loss=1.651, ppl=3.14, wps=27707.1, ups=1.88, wpb=14705.4, bsz=497.6, num_updates=108000, lr=1.9245e-05, gnorm=1.257, train_wall=53, wall=0
2020-12-20 11:32:35 | INFO | train_inner | epoch 045:    388 / 2448 symm_kl=0.546, self_kl=0, self_cv=13.969, loss=3.916, nll_loss=1.646, ppl=3.13, wps=27938, ups=1.87, wpb=14901.5, bsz=495.5, num_updates=108100, lr=1.92361e-05, gnorm=1.244, train_wall=53, wall=0
2020-12-20 11:33:29 | INFO | train_inner | epoch 045:    488 / 2448 symm_kl=0.542, self_kl=0, self_cv=14.101, loss=3.901, nll_loss=1.639, ppl=3.11, wps=27686.1, ups=1.86, wpb=14871, bsz=505.6, num_updates=108200, lr=1.92272e-05, gnorm=1.231, train_wall=54, wall=0
2020-12-20 11:34:23 | INFO | train_inner | epoch 045:    588 / 2448 symm_kl=0.54, self_kl=0, self_cv=14.234, loss=3.918, nll_loss=1.662, ppl=3.16, wps=27445.6, ups=1.85, wpb=14822, bsz=510.2, num_updates=108300, lr=1.92183e-05, gnorm=1.225, train_wall=54, wall=0
2020-12-20 11:35:17 | INFO | train_inner | epoch 045:    688 / 2448 symm_kl=0.534, self_kl=0, self_cv=14.28, loss=3.901, nll_loss=1.653, ppl=3.14, wps=27574.6, ups=1.85, wpb=14869.8, bsz=521.8, num_updates=108400, lr=1.92095e-05, gnorm=1.223, train_wall=54, wall=0
2020-12-20 11:36:11 | INFO | train_inner | epoch 045:    788 / 2448 symm_kl=0.533, self_kl=0, self_cv=14.332, loss=3.899, nll_loss=1.653, ppl=3.15, wps=27473.6, ups=1.86, wpb=14776.3, bsz=512.3, num_updates=108500, lr=1.92006e-05, gnorm=1.233, train_wall=54, wall=0
2020-12-20 11:37:04 | INFO | train_inner | epoch 045:    888 / 2448 symm_kl=0.533, self_kl=0, self_cv=14.35, loss=3.909, nll_loss=1.665, ppl=3.17, wps=27415.9, ups=1.86, wpb=14755.8, bsz=531.2, num_updates=108600, lr=1.91918e-05, gnorm=1.235, train_wall=54, wall=0
2020-12-20 11:37:58 | INFO | train_inner | epoch 045:    988 / 2448 symm_kl=0.525, self_kl=0, self_cv=14.537, loss=3.864, nll_loss=1.631, ppl=3.1, wps=27686.3, ups=1.86, wpb=14889.6, bsz=494.9, num_updates=108700, lr=1.91829e-05, gnorm=1.214, train_wall=54, wall=0
2020-12-20 11:38:52 | INFO | train_inner | epoch 045:   1088 / 2448 symm_kl=0.527, self_kl=0, self_cv=14.515, loss=3.885, nll_loss=1.649, ppl=3.14, wps=27272, ups=1.86, wpb=14684.5, bsz=493.3, num_updates=108800, lr=1.91741e-05, gnorm=1.228, train_wall=54, wall=0
2020-12-20 11:39:46 | INFO | train_inner | epoch 045:   1188 / 2448 symm_kl=0.526, self_kl=0, self_cv=14.563, loss=3.889, nll_loss=1.657, ppl=3.15, wps=27551.9, ups=1.86, wpb=14833, bsz=506.5, num_updates=108900, lr=1.91653e-05, gnorm=1.223, train_wall=54, wall=0
2020-12-20 11:40:40 | INFO | train_inner | epoch 045:   1288 / 2448 symm_kl=0.525, self_kl=0, self_cv=14.607, loss=3.892, nll_loss=1.663, ppl=3.17, wps=27338.2, ups=1.85, wpb=14800.4, bsz=504.2, num_updates=109000, lr=1.91565e-05, gnorm=1.218, train_wall=54, wall=0
2020-12-20 11:41:34 | INFO | train_inner | epoch 045:   1388 / 2448 symm_kl=0.515, self_kl=0, self_cv=14.659, loss=3.852, nll_loss=1.634, ppl=3.1, wps=27528.7, ups=1.85, wpb=14871.2, bsz=515.7, num_updates=109100, lr=1.91477e-05, gnorm=1.213, train_wall=54, wall=0
2020-12-20 11:42:28 | INFO | train_inner | epoch 045:   1488 / 2448 symm_kl=0.514, self_kl=0, self_cv=14.636, loss=3.847, nll_loss=1.631, ppl=3.1, wps=27511.2, ups=1.85, wpb=14856.7, bsz=553.6, num_updates=109200, lr=1.9139e-05, gnorm=1.225, train_wall=54, wall=0
2020-12-20 11:43:22 | INFO | train_inner | epoch 045:   1588 / 2448 symm_kl=0.51, self_kl=0, self_cv=14.746, loss=3.838, nll_loss=1.627, ppl=3.09, wps=27608.2, ups=1.85, wpb=14918.2, bsz=513.5, num_updates=109300, lr=1.91302e-05, gnorm=1.193, train_wall=54, wall=0
2020-12-20 11:44:16 | INFO | train_inner | epoch 045:   1688 / 2448 symm_kl=0.517, self_kl=0, self_cv=14.815, loss=3.872, nll_loss=1.656, ppl=3.15, wps=27275.5, ups=1.86, wpb=14697.7, bsz=481.3, num_updates=109400, lr=1.91215e-05, gnorm=1.228, train_wall=54, wall=0
2020-12-20 11:45:10 | INFO | train_inner | epoch 045:   1788 / 2448 symm_kl=0.508, self_kl=0, self_cv=14.864, loss=3.833, nll_loss=1.627, ppl=3.09, wps=27369.6, ups=1.84, wpb=14856.2, bsz=495.2, num_updates=109500, lr=1.91127e-05, gnorm=1.2, train_wall=54, wall=0
2020-12-20 11:46:04 | INFO | train_inner | epoch 045:   1888 / 2448 symm_kl=0.513, self_kl=0, self_cv=14.81, loss=3.856, nll_loss=1.644, ppl=3.13, wps=27446.3, ups=1.85, wpb=14855.2, bsz=509.3, num_updates=109600, lr=1.9104e-05, gnorm=1.209, train_wall=54, wall=0
2020-12-20 11:46:58 | INFO | train_inner | epoch 045:   1988 / 2448 symm_kl=0.512, self_kl=0, self_cv=14.903, loss=3.858, nll_loss=1.65, ppl=3.14, wps=27389, ups=1.86, wpb=14761.6, bsz=505.4, num_updates=109700, lr=1.90953e-05, gnorm=1.213, train_wall=54, wall=0
2020-12-20 11:47:52 | INFO | train_inner | epoch 045:   2088 / 2448 symm_kl=0.513, self_kl=0, self_cv=14.824, loss=3.875, nll_loss=1.667, ppl=3.18, wps=27382.1, ups=1.86, wpb=14761.2, bsz=505.9, num_updates=109800, lr=1.90866e-05, gnorm=1.215, train_wall=54, wall=0
2020-12-20 11:48:46 | INFO | train_inner | epoch 045:   2188 / 2448 symm_kl=0.505, self_kl=0, self_cv=14.865, loss=3.846, nll_loss=1.647, ppl=3.13, wps=27155.1, ups=1.84, wpb=14731.6, bsz=528.2, num_updates=109900, lr=1.90779e-05, gnorm=1.209, train_wall=54, wall=0
2020-12-20 11:49:40 | INFO | train_inner | epoch 045:   2288 / 2448 symm_kl=0.508, self_kl=0, self_cv=14.888, loss=3.863, nll_loss=1.662, ppl=3.16, wps=27530.5, ups=1.86, wpb=14826, bsz=546.5, num_updates=110000, lr=1.90693e-05, gnorm=1.203, train_wall=54, wall=0
2020-12-20 11:50:34 | INFO | train_inner | epoch 045:   2388 / 2448 symm_kl=0.505, self_kl=0, self_cv=14.955, loss=3.85, nll_loss=1.654, ppl=3.15, wps=27338.2, ups=1.85, wpb=14774.9, bsz=501.1, num_updates=110100, lr=1.90606e-05, gnorm=1.208, train_wall=54, wall=0
2020-12-20 11:51:07 | INFO | fairseq_cli.train | begin validation on "valid" subset
2020-12-20 11:51:08 | INFO | transformers.file_utils | PyTorch version 1.6.0 available.
2020-12-20 11:51:08 | INFO | transformers.file_utils | PyTorch version 1.6.0 available.
2020-12-20 11:51:08 | INFO | transformers.file_utils | PyTorch version 1.6.0 available.
2020-12-20 11:51:08 | INFO | transformers.file_utils | PyTorch version 1.6.0 available.
2020-12-20 11:51:08 | INFO | transformers.file_utils | PyTorch version 1.6.0 available.
2020-12-20 11:51:09 | INFO | transformers.file_utils | TensorFlow version 2.2.0 available.
2020-12-20 11:51:09 | INFO | transformers.file_utils | TensorFlow version 2.2.0 available.
2020-12-20 11:51:09 | INFO | transformers.file_utils | TensorFlow version 2.2.0 available.
2020-12-20 11:51:09 | INFO | transformers.file_utils | TensorFlow version 2.2.0 available.
2020-12-20 11:51:09 | INFO | transformers.file_utils | TensorFlow version 2.2.0 available.
2020-12-20 11:51:21 | INFO | valid | epoch 045 | valid on 'valid' subset | symm_kl 0 | self_kl 0 | self_cv 0 | loss 8.994 | nll_loss 7.961 | ppl 249.14 | bleu 16.3 | wps 5635.1 | wpb 7930.2 | bsz 208 | num_updates 110160 | best_bleu 16.3
2020-12-20 11:51:21 | INFO | fairseq_cli.train | begin save checkpoint
2020-12-20 11:51:27 | INFO | transformers.file_utils | PyTorch version 1.6.0 available.
2020-12-20 11:51:27 | INFO | transformers.file_utils | PyTorch version 1.6.0 available.
2020-12-20 11:51:27 | INFO | transformers.file_utils | PyTorch version 1.6.0 available.
2020-12-20 11:51:28 | INFO | transformers.file_utils | PyTorch version 1.6.0 available.
2020-12-20 11:51:29 | INFO | fairseq.checkpoint_utils | saved checkpoint ./examples/_transformer_base/bash/../checkpoints/cv/checkpoint_best.pt (epoch 45 @ 110160 updates, score 16.3) (writing took 7.836462480947375 seconds)
2020-12-20 11:51:29 | INFO | fairseq_cli.train | end of epoch 45 (average epoch stats below)
2020-12-20 11:51:29 | INFO | train | epoch 045 | symm_kl 0.548 | self_kl 0 | self_cv 11.736 | loss 4.368 | nll_loss 1.822 | ppl 3.54 | wps 26904.1 | ups 1.82 | wpb 14810.4 | bsz 511.8 | num_updates 110160 | lr 1.90554e-05 | gnorm 1.001 | train_wall 2631 | wall 0
2020-12-20 11:51:29 | INFO | transformers.file_utils | TensorFlow version 2.2.0 available.
2020-12-20 11:51:29 | INFO | transformers.file_utils | TensorFlow version 2.2.0 available.
2020-12-20 11:51:29 | INFO | transformers.file_utils | TensorFlow version 2.2.0 available.
2020-12-20 11:51:30 | INFO | transformers.file_utils | TensorFlow version 2.2.0 available.
2020-12-20 11:51:32 | INFO | fairseq.trainer | begin training epoch 46
2020-12-20 11:51:35 | INFO | transformers.file_utils | PyTorch version 1.6.0 available.
2020-12-20 11:51:37 | INFO | transformers.file_utils | TensorFlow version 2.2.0 available.
2020-12-20 11:51:59 | INFO | train_inner | epoch 046:     40 / 2448 symm_kl=0.503, self_kl=0, self_cv=14.956, loss=3.848, nll_loss=1.654, ppl=3.15, wps=17359.7, ups=1.18, wpb=14669.2, bsz=517.4, num_updates=110200, lr=1.90519e-05, gnorm=1.211, train_wall=54, wall=0
Traceback (most recent call last):
  File "train.py", line 14, in <module>
    cli_main()
  File "/home/rcduan/fairseq/fairseq/fairseq_cli/train.py", line 362, in cli_main
    distributed_utils.call_main(args, main)
  File "/home/rcduan/fairseq/fairseq/fairseq/distributed_utils.py", line 237, in call_main
    torch.multiprocessing.spawn(
  File "/home/rcduan/miniconda3/lib/python3.8/site-packages/torch/multiprocessing/spawn.py", line 200, in spawn
    return start_processes(fn, args, nprocs, join, daemon, start_method='spawn')
  File "/home/rcduan/miniconda3/lib/python3.8/site-packages/torch/multiprocessing/spawn.py", line 158, in start_processes
    while not context.join():
  File "/home/rcduan/miniconda3/lib/python3.8/site-packages/torch/multiprocessing/spawn.py", line 106, in join
    raise Exception(
Exception: process 0 terminated with signal SIGKILL
/home/rcduan/miniconda3/lib/python3.8/multiprocessing/resource_tracker.py:216: UserWarning: resource_tracker: There appear to be 70 leaked semaphore objects to clean up at shutdown
  warnings.warn('resource_tracker: There appear to be %d '
