2021-01-06 19:23:13 | INFO | transformers.file_utils | PyTorch version 1.6.0 available.
2021-01-06 19:23:15 | INFO | transformers.file_utils | TensorFlow version 2.2.0 available.
2021-01-06 19:23:16 | INFO | fairseq_cli.generate | Namespace(all_gather_list_size=16384, beam=8, bf16=False, bpe=None, broadcast_buffers=False, bucket_cap_mb=25, checkpoint_suffix='', constraints=None, cpu=False, criterion='cross_entropy', data='./examples/entr/bash/../data-bin', data_buffer_size=10, dataset_impl=None, ddp_backend='c10d', decoding_format=None, device_id=0, distributed_backend='nccl', distributed_init_method=None, distributed_no_spawn=False, distributed_num_procs=None, distributed_port=-1, distributed_rank=0, distributed_world_size=1, distributed_wrapper='DDP', diverse_beam_groups=-1, diverse_beam_strength=0.5, diversity_rate=-1.0, empty_cache_freq=0, eval_bleu=False, eval_bleu_args=None, eval_bleu_detok='space', eval_bleu_detok_args=None, eval_bleu_print_samples=False, eval_bleu_remove_bpe=None, eval_tokenized_bleu=False, fast_stat_sync=False, find_unused_parameters=False, fix_batches_to_gpus=False, force_anneal=None, fp16=False, fp16_init_scale=128, fp16_no_flatten_grads=False, fp16_scale_tolerance=0.0, fp16_scale_window=None, gen_subset='test', iter_decode_eos_penalty=0.0, iter_decode_force_max_iter=False, iter_decode_max_iter=10, iter_decode_with_beam=1, iter_decode_with_external_reranker=False, left_pad_source='True', left_pad_target='False', lenpen=1, load_alignments=False, localsgd_frequency=3, log_format=None, log_interval=100, lr_scheduler='fixed', lr_shrink=0.1, match_source_len=False, max_len_a=0, max_len_b=200, max_sentences=None, max_source_positions=1024, max_target_positions=1024, max_tokens=15000, memory_efficient_bf16=False, memory_efficient_fp16=False, min_len=1, min_loss_scale=0.0001, model_overrides='{}', model_parallel_size=1, nbest=1, no_beamable_mm=False, no_early_stop=False, no_progress_bar=False, no_repeat_ngram_size=0, no_seed_provided=True, nprocs_per_node=1, num_batch_buckets=0, num_shards=1, num_workers=1, optimizer=None, path='./examples/entr/bash/../checkpoints/cv/checkpoint_best.pt', pipeline_balance=None, pipeline_checkpoint='never', pipeline_chunks=None, pipeline_devices=None, pipeline_model_parallel=False, prefix_size=0, print_alignment=False, print_step=False, profile=False, quantization_config_path=None, quiet=True, remove_bpe='sentencepiece', replace_unk=None, required_batch_size_multiple=8, required_seq_len_multiple=1, results_path=None, retain_dropout=False, retain_dropout_modules=None, retain_iter_history=False, sacrebleu=False, sampling=False, sampling_topk=-1, sampling_topp=-1.0, score_reference=False, scoring='bleu', seed=1, shard_id=0, skip_invalid_size_inputs_valid_test=False, slowmo_algorithm='LocalSGD', slowmo_momentum=None, source_lang='en', target_lang='tr', task='translation', temperature=1.0, tensorboard_logdir='', threshold_loss_scale=None, tokenizer=None, tpu=False, truncate_source=False, unkpen=0, unnormalized=False, upsample_primary=1, user_dir=None, warmup_updates=0, zero_sharding='none')
2021-01-06 19:23:16 | INFO | fairseq.tasks.translation | [en] dictionary: 19784 types
2021-01-06 19:23:16 | INFO | fairseq.tasks.translation | [tr] dictionary: 19784 types
2021-01-06 19:23:16 | INFO | fairseq.data.data_utils | loaded 3007 examples from: ./examples/entr/bash/../data-bin/test.en-tr.en
2021-01-06 19:23:16 | INFO | fairseq.data.data_utils | loaded 3007 examples from: ./examples/entr/bash/../data-bin/test.en-tr.tr
2021-01-06 19:23:16 | INFO | fairseq.tasks.translation | ./examples/entr/bash/../data-bin test en-tr 3007 examples
2021-01-06 19:23:16 | INFO | fairseq_cli.generate | loading model(s) from ./examples/entr/bash/../checkpoints/cv/checkpoint_best.pt
2021-01-06 19:24:15 | INFO | fairseq_cli.generate | NOTE: hypothesis and token scores are output in base 2
2021-01-06 19:24:15 | INFO | fairseq_cli.generate | Translated 3007 sentences (80064 tokens) in 32.5s (92.50 sentences/s, 2462.79 tokens/s)
Generate test with beam=8: BLEU4 = 18.62, 50.4/24.6/13.4/7.5 (BP=0.989, ratio=0.989, syslen=54934, reflen=55527)
1254 3007
