nohup: ignoring input
criterion=label_smoothed_cross_entropy_r3f
label_smoothing=0.1
dropout=0.3
lr=0.0000125
lrscheduler=fixed
warmup_updates=0
max_epoch=100
r3f_lambda=1
save_dir=./examples/entr/bash/../checkpoints/closer_gap
extr='--noised-no-grad --noised-eval-model --eps 0.1'
2020-12-14 10:10:02 | INFO | transformers.file_utils | PyTorch version 1.6.0 available.
2020-12-14 10:10:04 | INFO | transformers.file_utils | TensorFlow version 2.2.0 available.
2020-12-14 10:10:05 | INFO | transformers.file_utils | PyTorch version 1.6.0 available.
2020-12-14 10:10:05 | INFO | transformers.file_utils | PyTorch version 1.6.0 available.
2020-12-14 10:10:05 | INFO | transformers.file_utils | PyTorch version 1.6.0 available.
2020-12-14 10:10:07 | INFO | transformers.file_utils | TensorFlow version 2.2.0 available.
2020-12-14 10:10:07 | INFO | transformers.file_utils | TensorFlow version 2.2.0 available.
2020-12-14 10:10:07 | INFO | transformers.file_utils | TensorFlow version 2.2.0 available.
2020-12-14 10:10:07 | INFO | fairseq.distributed_utils | distributed init (rank 1): tcp://localhost:19802
2020-12-14 10:10:08 | INFO | fairseq.distributed_utils | distributed init (rank 2): tcp://localhost:19802
2020-12-14 10:10:08 | INFO | fairseq.distributed_utils | distributed init (rank 0): tcp://localhost:19802
2020-12-14 10:10:08 | INFO | fairseq.distributed_utils | initialized host inspur129 as rank 1
2020-12-14 10:10:09 | INFO | fairseq.distributed_utils | initialized host inspur129 as rank 2
2020-12-14 10:10:09 | INFO | fairseq.distributed_utils | initialized host inspur129 as rank 0
2020-12-14 10:10:12 | INFO | fairseq_cli.train | Namespace(activation_dropout=0.0, activation_fn='relu', adam_betas='(0.9, 0.98)', adam_eps=1e-08, adaptive_input=False, adaptive_softmax_cutoff=None, adaptive_softmax_dropout=0, all_gather_list_size=16384, arch='transformer', attention_dropout=0.0, best_checkpoint_metric='bleu', bf16=False, bpe=None, broadcast_buffers=False, bucket_cap_mb=25, checkpoint_activations=False, checkpoint_suffix='', clip_norm=0.0, cpu=False, criterion='label_smoothed_cross_entropy_r3f', cross_self_attention=False, curriculum=0, data='./examples/entr/bash/../data-bin', data_buffer_size=10, dataset_impl=None, ddp_backend='c10d', decoder_attention_heads=8, decoder_embed_dim=512, decoder_embed_path=None, decoder_ffn_embed_dim=2048, decoder_input_dim=512, decoder_layerdrop=0, decoder_layers=6, decoder_layers_to_keep=None, decoder_learned_pos=False, decoder_normalize_before=False, decoder_output_dim=512, device_id=0, disable_validation=False, distributed_backend='nccl', distributed_init_method='tcp://localhost:19802', distributed_no_spawn=False, distributed_num_procs=3, distributed_port=-1, distributed_rank=0, distributed_world_size=3, distributed_wrapper='DDP', dropout=0.3, empty_cache_freq=0, encoder_attention_heads=8, encoder_embed_dim=512, encoder_embed_path=None, encoder_ffn_embed_dim=2048, encoder_layerdrop=0, encoder_layers=6, encoder_layers_to_keep=None, encoder_learned_pos=False, encoder_normalize_before=False, eps=0.1, eval_bleu=True, eval_bleu_args='{"beam": 5, "max_len_a": 1.2, "max_len_b": 10}', eval_bleu_detok='space', eval_bleu_detok_args=None, eval_bleu_print_samples=False, eval_bleu_remove_bpe='sentencepiece', eval_tokenized_bleu=False, fast_stat_sync=False, find_unused_parameters=False, finetune_from_model='./examples/entr/bash/../checkpoints/baseline/checkpoint_last.pt', fix_batches_to_gpus=False, fixed_validation_seed=None, force_anneal=None, fp16=False, fp16_init_scale=128, fp16_no_flatten_grads=False, fp16_scale_tolerance=0.0, fp16_scale_window=None, keep_best_checkpoints=-1, keep_interval_updates=-1, keep_last_epochs=-1, label_smoothing=0.1, layernorm_embedding=False, left_pad_source='True', left_pad_target='False', load_alignments=False, localsgd_frequency=3, log_format=None, log_interval=100, lr=[1.25e-05], lr_scheduler='fixed', lr_shrink=0.1, max_epoch=100, max_sentences=None, max_sentences_valid=None, max_source_positions=1024, max_target_positions=1024, max_tokens=4000, max_tokens_valid=4000, max_update=0, maximize_best_checkpoint_metric=True, memory_efficient_bf16=False, memory_efficient_fp16=False, min_loss_scale=0.0001, min_lr=1e-09, model_parallel_size=1, no_cross_attention=False, no_epoch_checkpoints=True, no_last_checkpoints=False, no_progress_bar=False, no_save=False, no_save_optimizer_state=False, no_scale_embedding=False, no_seed_provided=True, no_token_positional_embeddings=False, noise_type='normal', noised_eval_model=True, noised_no_grad=True, nprocs_per_node=3, num_batch_buckets=0, num_workers=1, optimizer='adam', optimizer_overrides='{}', patience=-1, pipeline_balance=None, pipeline_checkpoint='never', pipeline_chunks=None, pipeline_devices=None, pipeline_model_parallel=False, profile=False, quant_noise_pq=0, quant_noise_pq_block_size=8, quant_noise_scalar=0, quantization_config_path=None, r3f_lambda=1.0, required_batch_size_multiple=8, required_seq_len_multiple=1, reset_dataloader=False, reset_lr_scheduler=False, reset_meters=False, reset_optimizer=False, restore_file='checkpoint_last.pt', save_dir='./examples/entr/bash/../checkpoints/closer_gap', save_interval=1, save_interval_updates=0, scoring='bleu', seed=1, sentence_avg=False, share_all_embeddings=True, share_decoder_input_output_embed=False, skip_invalid_size_inputs_valid_test=False, slowmo_algorithm='LocalSGD', slowmo_momentum=None, source_lang='en', stop_time_hours=0, target_lang='tr', task='translation', tensorboard_logdir='', threshold_loss_scale=None, tie_adaptive_weights=False, tokenizer=None, tpu=False, train_subset='train', truncate_source=False, update_freq=[1], upsample_primary=1, use_bmuf=False, use_old_adam=False, user_dir=None, valid_subset='valid', validate_after_updates=0, validate_interval=1, validate_interval_updates=0, warmup_updates=0, weight_decay=0.0, zero_sharding='none')
2020-12-14 10:10:12 | INFO | fairseq.tasks.translation | [en] dictionary: 19784 types
2020-12-14 10:10:12 | INFO | fairseq.tasks.translation | [tr] dictionary: 19784 types
2020-12-14 10:10:12 | INFO | fairseq.data.data_utils | loaded 3000 examples from: ./examples/entr/bash/../data-bin/valid.en-tr.en
2020-12-14 10:10:12 | INFO | fairseq.data.data_utils | loaded 3000 examples from: ./examples/entr/bash/../data-bin/valid.en-tr.tr
2020-12-14 10:10:12 | INFO | fairseq.tasks.translation | ./examples/entr/bash/../data-bin valid en-tr 3000 examples
2020-12-14 10:10:14 | INFO | fairseq_cli.train | TransformerModel(
  (encoder): TransformerEncoder(
    (dropout_module): FairseqDropout()
    (embed_tokens): Embedding(19784, 512, padding_idx=1)
    (embed_positions): SinusoidalPositionalEmbedding()
    (layers): ModuleList(
      (0): TransformerEncoderLayer(
        (self_attn): MultiheadAttention(
          (dropout_module): FairseqDropout()
          (k_proj): Linear(in_features=512, out_features=512, bias=True)
          (v_proj): Linear(in_features=512, out_features=512, bias=True)
          (q_proj): Linear(in_features=512, out_features=512, bias=True)
          (out_proj): Linear(in_features=512, out_features=512, bias=True)
        )
        (self_attn_layer_norm): FusedLayerNorm(torch.Size([512]), eps=1e-05, elementwise_affine=True)
        (dropout_module): FairseqDropout()
        (activation_dropout_module): FairseqDropout()
        (fc1): Linear(in_features=512, out_features=2048, bias=True)
        (fc2): Linear(in_features=2048, out_features=512, bias=True)
        (final_layer_norm): FusedLayerNorm(torch.Size([512]), eps=1e-05, elementwise_affine=True)
      )
      (1): TransformerEncoderLayer(
        (self_attn): MultiheadAttention(
          (dropout_module): FairseqDropout()
          (k_proj): Linear(in_features=512, out_features=512, bias=True)
          (v_proj): Linear(in_features=512, out_features=512, bias=True)
          (q_proj): Linear(in_features=512, out_features=512, bias=True)
          (out_proj): Linear(in_features=512, out_features=512, bias=True)
        )
        (self_attn_layer_norm): FusedLayerNorm(torch.Size([512]), eps=1e-05, elementwise_affine=True)
        (dropout_module): FairseqDropout()
        (activation_dropout_module): FairseqDropout()
        (fc1): Linear(in_features=512, out_features=2048, bias=True)
        (fc2): Linear(in_features=2048, out_features=512, bias=True)
        (final_layer_norm): FusedLayerNorm(torch.Size([512]), eps=1e-05, elementwise_affine=True)
      )
      (2): TransformerEncoderLayer(
        (self_attn): MultiheadAttention(
          (dropout_module): FairseqDropout()
          (k_proj): Linear(in_features=512, out_features=512, bias=True)
          (v_proj): Linear(in_features=512, out_features=512, bias=True)
          (q_proj): Linear(in_features=512, out_features=512, bias=True)
          (out_proj): Linear(in_features=512, out_features=512, bias=True)
        )
        (self_attn_layer_norm): FusedLayerNorm(torch.Size([512]), eps=1e-05, elementwise_affine=True)
        (dropout_module): FairseqDropout()
        (activation_dropout_module): FairseqDropout()
        (fc1): Linear(in_features=512, out_features=2048, bias=True)
        (fc2): Linear(in_features=2048, out_features=512, bias=True)
        (final_layer_norm): FusedLayerNorm(torch.Size([512]), eps=1e-05, elementwise_affine=True)
      )
      (3): TransformerEncoderLayer(
        (self_attn): MultiheadAttention(
          (dropout_module): FairseqDropout()
          (k_proj): Linear(in_features=512, out_features=512, bias=True)
          (v_proj): Linear(in_features=512, out_features=512, bias=True)
          (q_proj): Linear(in_features=512, out_features=512, bias=True)
          (out_proj): Linear(in_features=512, out_features=512, bias=True)
        )
        (self_attn_layer_norm): FusedLayerNorm(torch.Size([512]), eps=1e-05, elementwise_affine=True)
        (dropout_module): FairseqDropout()
        (activation_dropout_module): FairseqDropout()
        (fc1): Linear(in_features=512, out_features=2048, bias=True)
        (fc2): Linear(in_features=2048, out_features=512, bias=True)
        (final_layer_norm): FusedLayerNorm(torch.Size([512]), eps=1e-05, elementwise_affine=True)
      )
      (4): TransformerEncoderLayer(
        (self_attn): MultiheadAttention(
          (dropout_module): FairseqDropout()
          (k_proj): Linear(in_features=512, out_features=512, bias=True)
          (v_proj): Linear(in_features=512, out_features=512, bias=True)
          (q_proj): Linear(in_features=512, out_features=512, bias=True)
          (out_proj): Linear(in_features=512, out_features=512, bias=True)
        )
        (self_attn_layer_norm): FusedLayerNorm(torch.Size([512]), eps=1e-05, elementwise_affine=True)
        (dropout_module): FairseqDropout()
        (activation_dropout_module): FairseqDropout()
        (fc1): Linear(in_features=512, out_features=2048, bias=True)
        (fc2): Linear(in_features=2048, out_features=512, bias=True)
        (final_layer_norm): FusedLayerNorm(torch.Size([512]), eps=1e-05, elementwise_affine=True)
      )
      (5): TransformerEncoderLayer(
        (self_attn): MultiheadAttention(
          (dropout_module): FairseqDropout()
          (k_proj): Linear(in_features=512, out_features=512, bias=True)
          (v_proj): Linear(in_features=512, out_features=512, bias=True)
          (q_proj): Linear(in_features=512, out_features=512, bias=True)
          (out_proj): Linear(in_features=512, out_features=512, bias=True)
        )
        (self_attn_layer_norm): FusedLayerNorm(torch.Size([512]), eps=1e-05, elementwise_affine=True)
        (dropout_module): FairseqDropout()
        (activation_dropout_module): FairseqDropout()
        (fc1): Linear(in_features=512, out_features=2048, bias=True)
        (fc2): Linear(in_features=2048, out_features=512, bias=True)
        (final_layer_norm): FusedLayerNorm(torch.Size([512]), eps=1e-05, elementwise_affine=True)
      )
    )
  )
  (decoder): TransformerDecoder(
    (dropout_module): FairseqDropout()
    (embed_tokens): Embedding(19784, 512, padding_idx=1)
    (embed_positions): SinusoidalPositionalEmbedding()
    (layers): ModuleList(
      (0): TransformerDecoderLayer(
        (dropout_module): FairseqDropout()
        (self_attn): MultiheadAttention(
          (dropout_module): FairseqDropout()
          (k_proj): Linear(in_features=512, out_features=512, bias=True)
          (v_proj): Linear(in_features=512, out_features=512, bias=True)
          (q_proj): Linear(in_features=512, out_features=512, bias=True)
          (out_proj): Linear(in_features=512, out_features=512, bias=True)
        )
        (activation_dropout_module): FairseqDropout()
        (self_attn_layer_norm): FusedLayerNorm(torch.Size([512]), eps=1e-05, elementwise_affine=True)
        (encoder_attn): MultiheadAttention(
          (dropout_module): FairseqDropout()
          (k_proj): Linear(in_features=512, out_features=512, bias=True)
          (v_proj): Linear(in_features=512, out_features=512, bias=True)
          (q_proj): Linear(in_features=512, out_features=512, bias=True)
          (out_proj): Linear(in_features=512, out_features=512, bias=True)
        )
        (encoder_attn_layer_norm): FusedLayerNorm(torch.Size([512]), eps=1e-05, elementwise_affine=True)
        (fc1): Linear(in_features=512, out_features=2048, bias=True)
        (fc2): Linear(in_features=2048, out_features=512, bias=True)
        (final_layer_norm): FusedLayerNorm(torch.Size([512]), eps=1e-05, elementwise_affine=True)
      )
      (1): TransformerDecoderLayer(
        (dropout_module): FairseqDropout()
        (self_attn): MultiheadAttention(
          (dropout_module): FairseqDropout()
          (k_proj): Linear(in_features=512, out_features=512, bias=True)
          (v_proj): Linear(in_features=512, out_features=512, bias=True)
          (q_proj): Linear(in_features=512, out_features=512, bias=True)
          (out_proj): Linear(in_features=512, out_features=512, bias=True)
        )
        (activation_dropout_module): FairseqDropout()
        (self_attn_layer_norm): FusedLayerNorm(torch.Size([512]), eps=1e-05, elementwise_affine=True)
        (encoder_attn): MultiheadAttention(
          (dropout_module): FairseqDropout()
          (k_proj): Linear(in_features=512, out_features=512, bias=True)
          (v_proj): Linear(in_features=512, out_features=512, bias=True)
          (q_proj): Linear(in_features=512, out_features=512, bias=True)
          (out_proj): Linear(in_features=512, out_features=512, bias=True)
        )
        (encoder_attn_layer_norm): FusedLayerNorm(torch.Size([512]), eps=1e-05, elementwise_affine=True)
        (fc1): Linear(in_features=512, out_features=2048, bias=True)
        (fc2): Linear(in_features=2048, out_features=512, bias=True)
        (final_layer_norm): FusedLayerNorm(torch.Size([512]), eps=1e-05, elementwise_affine=True)
      )
      (2): TransformerDecoderLayer(
        (dropout_module): FairseqDropout()
        (self_attn): MultiheadAttention(
          (dropout_module): FairseqDropout()
          (k_proj): Linear(in_features=512, out_features=512, bias=True)
          (v_proj): Linear(in_features=512, out_features=512, bias=True)
          (q_proj): Linear(in_features=512, out_features=512, bias=True)
          (out_proj): Linear(in_features=512, out_features=512, bias=True)
        )
        (activation_dropout_module): FairseqDropout()
        (self_attn_layer_norm): FusedLayerNorm(torch.Size([512]), eps=1e-05, elementwise_affine=True)
        (encoder_attn): MultiheadAttention(
          (dropout_module): FairseqDropout()
          (k_proj): Linear(in_features=512, out_features=512, bias=True)
          (v_proj): Linear(in_features=512, out_features=512, bias=True)
          (q_proj): Linear(in_features=512, out_features=512, bias=True)
          (out_proj): Linear(in_features=512, out_features=512, bias=True)
        )
        (encoder_attn_layer_norm): FusedLayerNorm(torch.Size([512]), eps=1e-05, elementwise_affine=True)
        (fc1): Linear(in_features=512, out_features=2048, bias=True)
        (fc2): Linear(in_features=2048, out_features=512, bias=True)
        (final_layer_norm): FusedLayerNorm(torch.Size([512]), eps=1e-05, elementwise_affine=True)
      )
      (3): TransformerDecoderLayer(
        (dropout_module): FairseqDropout()
        (self_attn): MultiheadAttention(
          (dropout_module): FairseqDropout()
          (k_proj): Linear(in_features=512, out_features=512, bias=True)
          (v_proj): Linear(in_features=512, out_features=512, bias=True)
          (q_proj): Linear(in_features=512, out_features=512, bias=True)
          (out_proj): Linear(in_features=512, out_features=512, bias=True)
        )
        (activation_dropout_module): FairseqDropout()
        (self_attn_layer_norm): FusedLayerNorm(torch.Size([512]), eps=1e-05, elementwise_affine=True)
        (encoder_attn): MultiheadAttention(
          (dropout_module): FairseqDropout()
          (k_proj): Linear(in_features=512, out_features=512, bias=True)
          (v_proj): Linear(in_features=512, out_features=512, bias=True)
          (q_proj): Linear(in_features=512, out_features=512, bias=True)
          (out_proj): Linear(in_features=512, out_features=512, bias=True)
        )
        (encoder_attn_layer_norm): FusedLayerNorm(torch.Size([512]), eps=1e-05, elementwise_affine=True)
        (fc1): Linear(in_features=512, out_features=2048, bias=True)
        (fc2): Linear(in_features=2048, out_features=512, bias=True)
        (final_layer_norm): FusedLayerNorm(torch.Size([512]), eps=1e-05, elementwise_affine=True)
      )
      (4): TransformerDecoderLayer(
        (dropout_module): FairseqDropout()
        (self_attn): MultiheadAttention(
          (dropout_module): FairseqDropout()
          (k_proj): Linear(in_features=512, out_features=512, bias=True)
          (v_proj): Linear(in_features=512, out_features=512, bias=True)
          (q_proj): Linear(in_features=512, out_features=512, bias=True)
          (out_proj): Linear(in_features=512, out_features=512, bias=True)
        )
        (activation_dropout_module): FairseqDropout()
        (self_attn_layer_norm): FusedLayerNorm(torch.Size([512]), eps=1e-05, elementwise_affine=True)
        (encoder_attn): MultiheadAttention(
          (dropout_module): FairseqDropout()
          (k_proj): Linear(in_features=512, out_features=512, bias=True)
          (v_proj): Linear(in_features=512, out_features=512, bias=True)
          (q_proj): Linear(in_features=512, out_features=512, bias=True)
          (out_proj): Linear(in_features=512, out_features=512, bias=True)
        )
        (encoder_attn_layer_norm): FusedLayerNorm(torch.Size([512]), eps=1e-05, elementwise_affine=True)
        (fc1): Linear(in_features=512, out_features=2048, bias=True)
        (fc2): Linear(in_features=2048, out_features=512, bias=True)
        (final_layer_norm): FusedLayerNorm(torch.Size([512]), eps=1e-05, elementwise_affine=True)
      )
      (5): TransformerDecoderLayer(
        (dropout_module): FairseqDropout()
        (self_attn): MultiheadAttention(
          (dropout_module): FairseqDropout()
          (k_proj): Linear(in_features=512, out_features=512, bias=True)
          (v_proj): Linear(in_features=512, out_features=512, bias=True)
          (q_proj): Linear(in_features=512, out_features=512, bias=True)
          (out_proj): Linear(in_features=512, out_features=512, bias=True)
        )
        (activation_dropout_module): FairseqDropout()
        (self_attn_layer_norm): FusedLayerNorm(torch.Size([512]), eps=1e-05, elementwise_affine=True)
        (encoder_attn): MultiheadAttention(
          (dropout_module): FairseqDropout()
          (k_proj): Linear(in_features=512, out_features=512, bias=True)
          (v_proj): Linear(in_features=512, out_features=512, bias=True)
          (q_proj): Linear(in_features=512, out_features=512, bias=True)
          (out_proj): Linear(in_features=512, out_features=512, bias=True)
        )
        (encoder_attn_layer_norm): FusedLayerNorm(torch.Size([512]), eps=1e-05, elementwise_affine=True)
        (fc1): Linear(in_features=512, out_features=2048, bias=True)
        (fc2): Linear(in_features=2048, out_features=512, bias=True)
        (final_layer_norm): FusedLayerNorm(torch.Size([512]), eps=1e-05, elementwise_affine=True)
      )
    )
    (output_projection): Linear(in_features=512, out_features=19784, bias=False)
  )
)
2020-12-14 10:10:14 | INFO | fairseq_cli.train | task: translation (TranslationTask)
2020-12-14 10:10:14 | INFO | fairseq_cli.train | model: transformer (TransformerModel)
2020-12-14 10:10:14 | INFO | fairseq_cli.train | criterion: label_smoothed_cross_entropy_r3f (LabelSmoothedCrossEntropyR3FCriterion)
2020-12-14 10:10:14 | INFO | fairseq_cli.train | num. model params: 54267904 (num. trained: 54267904)
2020-12-14 10:10:14 | INFO | fairseq.trainer | detected shared parameter: encoder.embed_tokens.weight <- decoder.embed_tokens.weight
2020-12-14 10:10:14 | INFO | fairseq.trainer | detected shared parameter: encoder.embed_tokens.weight <- decoder.output_projection.weight
2020-12-14 10:10:14 | INFO | fairseq.utils | ***********************CUDA enviroments for all 3 workers***********************
2020-12-14 10:10:14 | INFO | fairseq.utils | rank   0: capabilities =  6.1  ; total memory = 10.917 GB ; name = GeForce GTX 1080 Ti                     
2020-12-14 10:10:14 | INFO | fairseq.utils | rank   1: capabilities =  6.1  ; total memory = 10.917 GB ; name = GeForce GTX 1080 Ti                     
2020-12-14 10:10:14 | INFO | fairseq.utils | rank   2: capabilities =  6.1  ; total memory = 10.917 GB ; name = GeForce GTX 1080 Ti                     
2020-12-14 10:10:14 | INFO | fairseq.utils | ***********************CUDA enviroments for all 3 workers***********************
2020-12-14 10:10:14 | INFO | fairseq_cli.train | training on 3 devices (GPUs/TPUs)
2020-12-14 10:10:14 | INFO | fairseq_cli.train | max tokens per GPU = 4000 and max sentences per GPU = None
2020-12-14 10:10:14 | INFO | fairseq.checkpoint_utils | loading pretrained model from ./examples/entr/bash/../checkpoints/baseline/checkpoint_last.pt: optimizer, lr scheduler, meters, dataloader will be reset
2020-12-14 10:10:15 | INFO | fairseq.trainer | loaded checkpoint ./examples/entr/bash/../checkpoints/baseline/checkpoint_last.pt (epoch 106 @ 0 updates)
2020-12-14 10:10:15 | INFO | fairseq.optim.adam | using FusedAdam
2020-12-14 10:10:15 | INFO | fairseq.trainer | loading train data for epoch 1
2020-12-14 10:10:15 | INFO | fairseq.data.data_utils | loaded 207373 examples from: ./examples/entr/bash/../data-bin/train.en-tr.en
2020-12-14 10:10:15 | INFO | fairseq.data.data_utils | loaded 207373 examples from: ./examples/entr/bash/../data-bin/train.en-tr.tr
2020-12-14 10:10:15 | INFO | fairseq.tasks.translation | ./examples/entr/bash/../data-bin train en-tr 207373 examples
2020-12-14 10:10:15 | INFO | fairseq.trainer | begin training epoch 1
2020-12-14 10:10:16 | INFO | transformers.file_utils | PyTorch version 1.6.0 available.
2020-12-14 10:10:16 | INFO | transformers.file_utils | PyTorch version 1.6.0 available.
2020-12-14 10:10:16 | INFO | transformers.file_utils | PyTorch version 1.6.0 available.
2020-12-14 10:10:18 | INFO | transformers.file_utils | TensorFlow version 2.2.0 available.
2020-12-14 10:10:18 | INFO | transformers.file_utils | TensorFlow version 2.2.0 available.
2020-12-14 10:10:18 | INFO | transformers.file_utils | TensorFlow version 2.2.0 available.
2020-12-14 10:11:05 | INFO | train_inner | epoch 001:    100 / 561 symm_kl=2.479, loss=9.119, nll_loss=4.098, ppl=17.12, wps=23136.8, ups=2.18, wpb=10623.3, bsz=364.6, num_updates=100, lr=1.25e-05, gnorm=9.328, train_wall=46, wall=51
2020-12-14 10:11:53 | INFO | train_inner | epoch 001:    200 / 561 symm_kl=1.299, loss=8.4, nll_loss=5.057, ppl=33.28, wps=22135.8, ups=2.09, wpb=10583.4, bsz=369.8, num_updates=200, lr=1.25e-05, gnorm=4.407, train_wall=48, wall=99
2020-12-14 10:12:38 | INFO | train_inner | epoch 001:    300 / 561 symm_kl=1.245, loss=6.938, nll_loss=3.581, ppl=11.97, wps=22651.4, ups=2.19, wpb=10335, bsz=373, num_updates=300, lr=1.25e-05, gnorm=1.785, train_wall=45, wall=145
2020-12-14 10:13:25 | INFO | train_inner | epoch 001:    400 / 561 symm_kl=1.399, loss=6.719, nll_loss=3.152, ppl=8.89, wps=22867.8, ups=2.16, wpb=10571.8, bsz=388.4, num_updates=400, lr=1.25e-05, gnorm=1.399, train_wall=46, wall=191
2020-12-14 10:14:11 | INFO | train_inner | epoch 001:    500 / 561 symm_kl=1.381, loss=8.38, nll_loss=5.001, ppl=32.03, wps=22276.5, ups=2.14, wpb=10411.2, bsz=371.8, num_updates=500, lr=1.25e-05, gnorm=6.453, train_wall=47, wall=238
2020-12-14 10:14:40 | INFO | fairseq_cli.train | begin validation on "valid" subset
2020-12-14 10:14:41 | INFO | transformers.file_utils | PyTorch version 1.6.0 available.
2020-12-14 10:14:41 | INFO | transformers.file_utils | PyTorch version 1.6.0 available.
2020-12-14 10:14:41 | INFO | transformers.file_utils | PyTorch version 1.6.0 available.
2020-12-14 10:14:42 | INFO | transformers.file_utils | TensorFlow version 2.2.0 available.
2020-12-14 10:14:42 | INFO | transformers.file_utils | TensorFlow version 2.2.0 available.
2020-12-14 10:14:42 | INFO | transformers.file_utils | TensorFlow version 2.2.0 available.
2020-12-14 10:15:06 | INFO | valid | epoch 001 | valid on 'valid' subset | symm_kl 0 | loss 6.739 | nll_loss 5.43 | ppl 43.1 | bleu 0.13 | wps 3554.9 | wpb 7508.5 | bsz 272.7 | num_updates 561
2020-12-14 10:15:06 | INFO | fairseq_cli.train | begin save checkpoint
2020-12-14 10:15:07 | INFO | transformers.file_utils | PyTorch version 1.6.0 available.
2020-12-14 10:15:07 | INFO | transformers.file_utils | PyTorch version 1.6.0 available.
2020-12-14 10:15:09 | INFO | fairseq.checkpoint_utils | saved checkpoint ./examples/entr/bash/../checkpoints/closer_gap/checkpoint_best.pt (epoch 1 @ 561 updates, score 0.13) (writing took 2.543855031952262 seconds)
2020-12-14 10:15:09 | INFO | fairseq_cli.train | end of epoch 1 (average epoch stats below)
2020-12-14 10:15:09 | INFO | train | epoch 001 | symm_kl 1.517 | loss 7.805 | nll_loss 4.134 | ppl 17.56 | wps 20309 | ups 1.94 | wpb 10483.4 | bsz 369.6 | num_updates 561 | lr 1.25e-05 | gnorm 4.35 | train_wall 260 | wall 295
2020-12-14 10:15:09 | INFO | fairseq.trainer | begin training epoch 2
2020-12-14 10:15:09 | INFO | transformers.file_utils | TensorFlow version 2.2.0 available.
2020-12-14 10:15:09 | INFO | transformers.file_utils | TensorFlow version 2.2.0 available.
2020-12-14 10:15:10 | INFO | transformers.file_utils | PyTorch version 1.6.0 available.
2020-12-14 10:15:11 | INFO | transformers.file_utils | TensorFlow version 2.2.0 available.
2020-12-14 10:15:30 | INFO | train_inner | epoch 002:     39 / 561 symm_kl=1.279, loss=6.769, nll_loss=3.459, ppl=11, wps=13225, ups=1.28, wpb=10345.6, bsz=358.4, num_updates=600, lr=1.25e-05, gnorm=2.303, train_wall=46, wall=316
2020-12-14 10:16:16 | INFO | train_inner | epoch 002:    139 / 561 symm_kl=1.673, loss=9.346, nll_loss=5.67, ppl=50.92, wps=22908.3, ups=2.17, wpb=10532.9, bsz=366.4, num_updates=700, lr=1.25e-05, gnorm=9.717, train_wall=46, wall=362
2020-12-14 10:17:02 | INFO | train_inner | epoch 002:    239 / 561 symm_kl=1.122, loss=8.087, nll_loss=4.957, ppl=31.05, wps=22758.5, ups=2.17, wpb=10499.4, bsz=369.4, num_updates=800, lr=1.25e-05, gnorm=2.54, train_wall=46, wall=408
2020-12-14 10:17:48 | INFO | train_inner | epoch 002:    339 / 561 symm_kl=1.037, loss=6.888, nll_loss=3.807, ppl=14, wps=22791.7, ups=2.16, wpb=10541.2, bsz=377.1, num_updates=900, lr=1.25e-05, gnorm=1.602, train_wall=46, wall=454
2020-12-14 10:18:34 | INFO | train_inner | epoch 002:    439 / 561 symm_kl=1.034, loss=6.487, nll_loss=3.395, ppl=10.52, wps=22606.2, ups=2.16, wpb=10472.1, bsz=362.4, num_updates=1000, lr=1.25e-05, gnorm=1.257, train_wall=46, wall=501
Traceback (most recent call last):
  File "train.py", line 14, in <module>
    cli_main()
  File "/home/rcduan/fairseq/fairseq/fairseq_cli/train.py", line 362, in cli_main
    distributed_utils.call_main(args, main)
  File "/home/rcduan/fairseq/fairseq/fairseq/distributed_utils.py", line 237, in call_main
    torch.multiprocessing.spawn(
  File "/home/rcduan/miniconda3/lib/python3.8/site-packages/torch/multiprocessing/spawn.py", line 200, in spawn
    return start_processes(fn, args, nprocs, join, daemon, start_method='spawn')
  File "/home/rcduan/miniconda3/lib/python3.8/site-packages/torch/multiprocessing/spawn.py", line 158, in start_processes
    while not context.join():
  File "/home/rcduan/miniconda3/lib/python3.8/site-packages/torch/multiprocessing/spawn.py", line 106, in join
    raise Exception(
Exception: process 0 terminated with signal SIGKILL
/home/rcduan/miniconda3/lib/python3.8/multiprocessing/resource_tracker.py:216: UserWarning: resource_tracker: There appear to be 42 leaked semaphore objects to clean up at shutdown
  warnings.warn('resource_tracker: There appear to be %d '
